1

                    Execution started at 20250316.172602         



                    ---------------------------------------
                                     SWAN
                    SIMULATION OF WAVES IN NEAR SHORE AREAS
                             VERSION NUMBER 41.51               
                    ---------------------------------------


    
 !***********************  HEADING  ****************************************
    
 Project 'SWAN stationaty' '1'
    
 !
    
 ! Testes com condicoes estacionarias para o Rio de Janeiro
    
 !
    
 ! Date of simulation: arbitrary, different wind and wave conditions
    
 !
    
 ! No currents
    
 ! Winds
    
 ! Boundary Hs, tp and Dir from global model or constant
    
 !
    
 !*********************  MODEL Input  **************************************
    
 !
    
 ! Nautical convention for wind and wave directions = 'from' CW from North
    
 !
    
 SET NAUT
    
 COORD SPHE
    
 !
    
 !*********************  MODEL GRID Input  **************************************
    
 !
    
 !MODE NONST TWOD
    
 MODE STAT TWOD
    
 !
    
 !CGRID REG 50958 55661 0 309126 111322 617 221 CIR 12 0.03 1
    
 !CGRID REG -46.5 -24.0 0 2.78 1.002 617 221 CIR 12 0.03 1
    
 !CGRID REG -46.5 -24.0 0 2.78 1.002 617 221 CIR 24 0.03 1
    
 CGRID REG -43.5 -23.2 0 2.78 1.002 617 221 CIR 24 0.03 1
 Number of meshes in sigma-space: MSC-1 =  37
    
 !
    
 !
    
 ! novo
    
 !INPGRID BOTTOM -46.0 -25.0 0 20 9 0.00833 0.00833 EXC -9999.99
    
 !INPGRID BOTTOM -46.5 -25.0 0 617 221 0.00833 0.00833 EXC -9999.99
    
 !
    
 !INPGRID BOTTOM -43.5 -23.2 0 617 221 0.00833 0.00833 EXC -9999.99
    
 !READINP BOTTOM 1 '.\Inputs\Bathymetry.bot' 1 FREE
    
 !
    
 ! velho
    
 INP BOT 211 231 0 959 479 423 463
    
 READ BOT -1 '.\Inputs\Bathymetry.bot'
    
 !
    
 !
    
 !INP WI 0 0 0 8 4 51521 55661 NONSTAT 20241101 6 HR 20241130
    
 !READ WI 1 SERI '.\Inputs\WInd\WindSeries.wndini'
    
 !
    
 !
    
 ! Optional steady wind
    
 WIND 5 80.
    
 !
    
 !
    
 ! Boundary wave input - JONSWAP spectrum with Hs = 2m, Tp = 9s,
    
 ! mean direction = 80 (from), spread = 15 (swell)
    
 !
    
 !
    
 BOUN SHAP JON PEAK DSPR POW
    
 BOUN SIDE E CON PAR 1 14. 180. 15
    
 BOUN SIDE W CON PAR 1 14. 180. 15
    
 BOUN SIDE S CON PAR 1 14. 180. 15
    
 !
    
 !
    
 GEN3
    
 BREA
    
 FRIC MAD
    
 !
    
 !
    
 !
    
 !*********************  MODEL GRID Input  **************************************
    
 !
    
 GROUP 'grid1' 1 200 1 90
    
 !
    
 ! Output points in problem coordinates
    
 BLOCK 'grid1' NOHEAD 'Outputs/RJ_stat_3m14s180d15d_param.mat' LAY 1 DEP HS TPS
    
 BLOCK 'grid1' NOHEAD 'Outputs/RJ_stat_3m14s180d15d_grid.mat' XP YP
    
 BLO 'grid1' NOHEAD 'Outputs/BOT.mat' LAY 3 BOTL 1
    
 !
    
 !
    
 !
    
 !
    
 !*********************  MODEL TEST OUTPUT  **************************************
    
 !
    
 !
    
 COMPUTE

----------------------------------------------------------------
                  COMPUTATIONAL PART OF SWAN
----------------------------------------------------------------

 Gridresolution       : MXC             618 MYC            222
                      : MCGRD        137197
                      : MSC              38 MDC             24
                      : MTC               1
                      : NSTATC            0 ITERMX          50
 Propagation flags    : ITFRE             1 IREFR            1
 Source term flags    : IBOT              3 ISURF            1
                      : IWCAP             7 IWIND            5
                      : ITRIAD            0 IQUAD            2
                      : IBRAG             0 IQCM             0
                      : IVEG              0 ITURBV           0
                      : IMUD              0 IICE             0
 Spatial step         : DX       0.4506E-02 DY      0.4534E-02
 Spectral bin         : df/f     0.9941E-01 DDIR    0.1500E+02
 Physical constants   : GRAV     0.9810E+01 RHO     0.1025E+04
 Wind input           : WSPEED   0.5000E+01 DIR    -0.1700E+03
                      : ICEWIND  0.00
 Tail parameters      : E(f)     0.4000E+01 E(k)    0.2500E+01
                      : A(f)     0.5000E+01 A(k)    0.3000E+01
 Accuracy parameters  : DREL     0.1000E-01 NPNTS   0.9950E+02
                      : DHABS    0.5000E-02 CURVAT  0.5000E-02
                      : GRWMX    0.1000E+00
 Drying/flooding      : LEVEL    0.0000E+00 DEPMIN  0.5000E-01
 The nautical  convention for wind and wave directions is used
 Scheme for geographic propagation is SORDUP
 Scheme geogr. space  : PROPSC            2 ICMAX            7
 Scheme spectral space: CSS      0.5000E+00 CDD     0.5000E+00
 Current is off
 Quadruplets          : IQUAD             2
                      : LAMBDA   0.2500E+00 CNL4    0.3000E+08
                      : CSH1     0.5500E+01 CSH2    0.8330E+00
                      : CSH3    -0.1250E+01
 Maximum Ursell nr for Snl4 :    0.1000E+02
 Triads is off
 Bragg scattering is off
 QC scattering is off
 Surfbeat (IEM) is off
 Madsen et al. (`84)  : MF      -0.8000E-01 KN      0.5000E-01
 Vegetation is off
 Turbulence is off
 Fluid mud is off
 Dissipation by sea ice is off
 W-cap Alves-Banner   : CDS2     0.5000E-04 BR      0.1750E-02
 Wind drag is Wu
 Yan/Westhuysen wind input
 Battjes&Janssen (`78): ALPHA    0.1000E+01 GAMMA   0.7300E+00
 Set-up is off
 Diffraction is off
 Janssen (`89,`90)    : ALPHA    0.1000E-01 KAPPA   0.4100E+00
 Janssen (`89,`90)    : RHOA     0.1280E+01 RHOW    0.1025E+04
 
 1st and 2nd gen. wind: CF10     0.1880E+03 CF20    0.5900E+00
                      : CF30     0.1200E+00 CF40    0.2500E+03
                      : CF50     0.2300E-02 CF60   -0.2230E+00
                      : CF70     0.0000E+00 CF80   -0.5600E+00
                      : RHOAW    0.1249E-02 EDMLPM  0.3600E-02
                      : CDRAG    0.1230E-02 UMIN    0.1000E+01
                      : LIM_PM   0.1300E+00
 
  ---------------------------------------------------------------
  First guess by 2nd generation model flags for first iteration:
  ITER       1 GRWMX      0.1000E+23 ALFA       0.0000E+00
  IWIND      2 IWCAP      0 IQUAD      0
  ITRIAD     0 IBOT       3 ISURF      1
  IVEG       0 ITURBV     0 IMUD       0        IBRAG    0
  IICE       0 ICEWIND    0.00
  ---------------------------------------------------------------
 iteration    1; sweep 1
 iteration    1; sweep 2
 iteration    1; sweep 3
 iteration    1; sweep 4
 not possible to compute, first iteration

  ---------------------------------------------------------------
  Options given by user are activated for proceeding calculation:
  ITER       2 GRWMX      0.1000E+00 ALFA       0.0000E+00
  IWIND      5 IWCAP      7 IQUAD      2
  ITRIAD     0 IBOT       3 ISURF      1
  IVEG       0 ITURBV     0 IMUD       0        IBRAG    0
  IICE       0 ICEWIND    0.00
  ---------------------------------------------------------------
 iteration    2; sweep 1
 iteration    2; sweep 2
 iteration    2; sweep 3
 iteration    2; sweep 4
 accuracy OK in  88.98 % of wet grid points ( 99.50 % required)

 iteration    3; sweep 1
 iteration    3; sweep 2
 iteration    3; sweep 3
 iteration    3; sweep 4
 accuracy OK in  70.87 % of wet grid points ( 99.50 % required)

 iteration    4; sweep 1
 iteration    4; sweep 2
 iteration    4; sweep 3
 iteration    4; sweep 4
 accuracy OK in  95.13 % of wet grid points ( 99.50 % required)

 iteration    5; sweep 1
 iteration    5; sweep 2
 iteration    5; sweep 3
 iteration    5; sweep 4
 accuracy OK in  65.96 % of wet grid points ( 99.50 % required)

 iteration    6; sweep 1
 iteration    6; sweep 2
 iteration    6; sweep 3
 iteration    6; sweep 4
 accuracy OK in  94.46 % of wet grid points ( 99.50 % required)

 iteration    7; sweep 1
 iteration    7; sweep 2
 iteration    7; sweep 3
 iteration    7; sweep 4
 accuracy OK in  99.28 % of wet grid points ( 99.50 % required)

 iteration    8; sweep 1
 iteration    8; sweep 2
 iteration    8; sweep 3
 iteration    8; sweep 4
 accuracy OK in  87.99 % of wet grid points ( 99.50 % required)

 iteration    9; sweep 1
 iteration    9; sweep 2
 iteration    9; sweep 3
 iteration    9; sweep 4
 accuracy OK in  99.86 % of wet grid points ( 99.50 % required)

  ** WARNING : Differences in wave height at the boundary
 Relative difference between input and computation >=   0.10
                         Hs[m]      Hs[m]      Hs[-]
     ix    iy  index   (input) (computed) (relative)
  --------------------------------------------------
     1    62     63       1.00       1.10       0.10
     1    61     62       1.00       1.10       0.10
     1    60     61       1.00       1.10       0.10
     1    59     60       1.00       1.10       0.10
     1    58     59       1.00       1.10       0.10
     1    57     58       1.00       1.10       0.10
     1    56     57       1.00       1.10       0.10
     1    55     56       1.00       1.10       0.10
     1    54     55       1.00       1.10       0.10
     1    53     54       1.00       1.10       0.10
     1    52     53       1.00       1.10       0.10
     1    51     52       1.00       1.10       0.10
     1    50     51       1.00       1.10       0.10
     1    49     50       1.00       1.10       0.10
     1    48     49       1.00       1.10       0.10
     1    47     48       1.00       1.10       0.10
     1    46     47       1.00       1.10       0.10
     1    45     46       1.00       1.10       0.10
     1    44     45       1.00       1.10       0.10
     1    43     44       1.00       1.10       0.10
     1    42     43       1.00       1.10       0.10
     1    41     42       1.00       1.10       0.10
     1    40     41       1.00       1.10       0.10
     1    39     40       1.00       1.10       0.10
     1    38     39       1.00       1.10       0.10
     1    37     38       1.00       1.10       0.10
     1    36     37       1.00       1.10       0.10
     1    35     36       1.00       1.10       0.10
     1    34     35       1.00       1.10       0.10
     1    33     34       1.00       1.10       0.10
     1    32     33       1.00       1.11       0.10
     1    31     32       1.00       1.11       0.10
     1    30     31       1.00       1.11       0.10
     1    29     30       1.00       1.10       0.10
     1    28     29       1.00       1.10       0.10
     1    27     28       1.00       1.11       0.10
     1    26     27       1.00       1.11       0.10
     1    25     26       1.00       1.11       0.10
     1    24     25       1.00       1.11       0.10
     1    23     24       1.00       1.11       0.10
     1    22     23       1.00       1.11       0.10
     1    21     22       1.00       1.11       0.10
     1    20     21       1.00       1.11       0.10
     1    19     20       1.00       1.10       0.10
     1    18     19       1.00       1.11       0.10
     1    17     18       1.00       1.11       0.10
     1    16     17       1.00       1.10       0.10
     1    15     16       1.00       1.10       0.10
     1    14     15       1.00       1.10       0.10
     1    13     14       1.00       1.10       0.10
     1    12     13       1.00       1.10       0.10
 
    
 STOP
